// Jest Snapshot v1, https://goo.gl/fbAQLP

exports[`should take a snapshot 1`] = `
<DocumentFragment>
  <div>
    <div
      class="MuiPaper-root MuiCard-root SendForm-root-174 MuiPaper-elevation1 MuiPaper-rounded"
    >
      <div
        class="MuiCardHeader-root"
      >
        <div
          class="MuiCardHeader-content"
        >
          <span
            class="MuiTypography-root MuiCardHeader-title MuiTypography-h5 MuiTypography-displayBlock"
          >
            Redeem You Gift
          </span>
        </div>
      </div>
      <form>
        <div
          class="MuiCardContent-root"
        >
          <div>
            <legend
              class="MuiFormLabel-root"
              data-testid="label"
            >
              Coupon Code
            </legend>
          </div>
          <br />
          <div
            class="MuiFormControl-root MuiTextField-root"
            style="width: 225px;"
          >
            <label
              class="MuiFormLabel-root MuiInputLabel-root MuiInputLabel-formControl MuiInputLabel-animated MuiInputLabel-outlined Mui-required Mui-required"
              data-shrink="false"
              for="outlined-basic"
              id="outlined-basic-label"
            >
              Redeem Your Gift
              <span
                class="MuiFormLabel-asterisk MuiInputLabel-asterisk"
              >
                 *
              </span>
            </label>
            <div
              class="MuiInputBase-root MuiOutlinedInput-root MuiInputBase-formControl"
            >
              <input
                aria-invalid="false"
                class="MuiInputBase-input MuiOutlinedInput-input"
                id="outlined-basic"
                placeholder="Redeem Code"
                required=""
                type="text"
                value=""
              />
              <fieldset
                aria-hidden="true"
                class="PrivateNotchedOutline-root-301 MuiOutlinedInput-notchedOutline"
              >
                <legend
                  class="PrivateNotchedOutline-legendLabelled-303"
                >
                  <span>
                    Redeem Your Gift *
                  </span>
                </legend>
              </fieldset>
            </div>
          </div>
        </div>
        <div
          class="MuiCardContent-root"
        >
          <button
            class="MuiButtonBase-root MuiButton-root MuiButton-contained MuiButton-containedPrimary"
            data-testid="button"
            tabindex="0"
            type="submit"
          >
            <span
              class="MuiButton-label"
            >
              Redeem
            </span>
            <span
              class="MuiTouchRipple-root"
            />
          </button>
        </div>
      </form>
    </div>
  </div>
</DocumentFragment>
`;
