// Jest Snapshot v1, https://goo.gl/fbAQLP

exports[`should take a snapshot 1`] = `
<DocumentFragment>
  <div>
    <button
      class="buttonRed"
      data-testid="button"
    >
      This is a normal Button
    </button>
  </div>
</DocumentFragment>
`;
