// Jest Snapshot v1, https://goo.gl/fbAQLP

exports[`snapshot 1`] = `
<DocumentFragment>
  <div
    class="makeStyles-divider-2"
  />
</DocumentFragment>
`;
