// Jest Snapshot v1, https://goo.gl/fbAQLP

exports[`should take a snapshot 1`] = `
<DocumentFragment>
  <div>
    <p
      data-testid="Rating"
    >
      Good
    </p>
  </div>
</DocumentFragment>
`;
