// Jest Snapshot v1, https://goo.gl/fbAQLP

exports[`should check if message is displayed when button is clicked 1`] = `
<DocumentFragment>
  <div
    data-testid="isSnack"
  >
    <button
      aria-controls="simple-menu"
      aria-haspopup="true"
      class="MuiButtonBase-root MuiButton-root MuiButton-text"
      id="button1"
      tabindex="0"
      type="button"
    >
      <span
        class="MuiButton-label"
      >
        <svg
          aria-hidden="true"
          class="MuiSvgIcon-root"
          focusable="false"
          role="presentation"
          style="color: white;"
          viewBox="0 0 24 24"
        >
          <path
            d="M12 8c1.1 0 2-.9 2-2s-.9-2-2-2-2 .9-2 2 .9 2 2 2zm0 2c-1.1 0-2 .9-2 2s.9 2 2 2 2-.9 2-2-.9-2-2-2zm0 6c-1.1 0-2 .9-2 2s.9 2 2 2 2-.9 2-2-.9-2-2-2z"
          />
        </svg>
      </span>
      <span
        class="MuiTouchRipple-root"
      />
    </button>
  </div>
</DocumentFragment>
`;
