// Jest Snapshot v1, https://goo.gl/fbAQLP

exports[`should take a snapshot 1`] = `
<DocumentFragment>
  <form
    action="#"
    novalidate=""
  >
    <div
      class="MuiFormControl-root MuiTextField-root MuiFormControl-fullWidth"
    >
      <label
        class="MuiFormLabel-root MuiInputLabel-root MuiInputLabel-formControl MuiInputLabel-animated Mui-required Mui-required"
        data-shrink="false"
      >
        Add Amount
        <span
          class="MuiFormLabel-asterisk MuiInputLabel-asterisk"
        >
          â€‰*
        </span>
      </label>
      <div
        class="MuiInputBase-root MuiInput-root MuiInput-underline MuiInputBase-fullWidth MuiInput-fullWidth MuiInputBase-formControl MuiInput-formControl"
      >
        <input
          aria-invalid="false"
          autocomplete="off"
          class="MuiInputBase-input MuiInput-input"
          name="points"
          required=""
          type="text"
          value=""
        />
      </div>
      <p
        class="MuiFormHelperText-root Mui-required"
      />
    </div>
    <button
      class="MuiButtonBase-root MuiButton-root MuiButton-contained MuiButton-containedSizeSmall MuiButton-sizeSmall"
      data-testid="simple"
      style="float: right; background-color: skyblue; margin-top: 36px;"
      tabindex="0"
      type="submit"
    >
      <span
        class="MuiButton-label"
      >
        Add Points
      </span>
      <span
        class="MuiTouchRipple-root"
      />
    </button>
  </form>
  <div
    class="MuiGrid-root MuiGrid-container"
  />
</DocumentFragment>
`;
