// Jest Snapshot v1, https://goo.gl/fbAQLP

exports[`should take a snapshot 1`] = `
<DocumentFragment>
  <div>
    <h1
      data-testid="h1"
    >
      Error 404
    </h1>
    <p
      data-testid="p"
    >
       Page not Found
    </p>
  </div>
</DocumentFragment>
`;
