// Jest Snapshot v1, https://goo.gl/fbAQLP

exports[`should take a snapshot 1`] = `
<DocumentFragment>
  <p
    class="MuiTypography-root MuiTypography-body2"
    data-testid="hello"
    mx="20"
  />
</DocumentFragment>
`;
