// Jest Snapshot v1, https://goo.gl/fbAQLP

exports[`should take a snapshot 1`] = `
<DocumentFragment>
  <div>
    <div
      class="MuiTableContainer-root"
    >
      <table
        class="MuiTable-root"
        style="margin-top: 7%; margin-left: 250px; width: 75.8%;"
      >
        <thead
          class="MuiTableHead-root"
        >
          <tr
            class="MuiTableRow-root MuiTableRow-head"
          >
            <th
              class="MuiTableCell-root MuiTableCell-head WithStyles(ForwardRef(TableCell))-head-34"
              scope="col"
            >
              Product Name
            </th>
            <th
              class="MuiTableCell-root MuiTableCell-head WithStyles(ForwardRef(TableCell))-head-34 MuiTableCell-alignCenter"
              scope="col"
            >
              Description
            </th>
            <th
              class="MuiTableCell-root MuiTableCell-head WithStyles(ForwardRef(TableCell))-head-34 MuiTableCell-alignCenter"
              scope="col"
            >
              Price
            </th>
            <th
              class="MuiTableCell-root MuiTableCell-head WithStyles(ForwardRef(TableCell))-head-34 MuiTableCell-alignCenter"
              scope="col"
            >
              Discount
            </th>
            <th
              class="MuiTableCell-root MuiTableCell-head WithStyles(ForwardRef(TableCell))-head-34 MuiTableCell-alignCenter"
              scope="col"
            >
              Category
            </th>
            <th
              class="MuiTableCell-root MuiTableCell-head WithStyles(ForwardRef(TableCell))-head-34 MuiTableCell-alignCenter"
              scope="col"
            >
              Edit
            </th>
            <th
              class="MuiTableCell-root MuiTableCell-head WithStyles(ForwardRef(TableCell))-head-34 MuiTableCell-alignCenter"
              scope="col"
            >
              Remove
            </th>
          </tr>
        </thead>
        <tbody
          class="MuiTableBody-root"
        />
      </table>
    </div>
  </div>
</DocumentFragment>
`;
