// Jest Snapshot v1, https://goo.gl/fbAQLP

exports[`should take a snapshot 1`] = `
<DocumentFragment>
  <div>
    <legend
      class="MuiFormLabel-root"
      data-testid="label"
    />
  </div>
</DocumentFragment>
`;
