// Jest Snapshot v1, https://goo.gl/fbAQLP

exports[`render 1`] = `
<DocumentFragment>
  <h2
    class="MuiTypography-root MuiTypography-h5"
    data-testid="Typography"
    style="font-size: 29px; font-weight: 500;"
  />
</DocumentFragment>
`;
