// Jest Snapshot v1, https://goo.gl/fbAQLP

exports[`matches snapshot 1`] = `
<DocumentFragment>
  <div
    style="margin-bottom: 4em;"
  >
    <div
      class="MuiCircularProgress-root MuiCircularProgress-colorPrimary MuiCircularProgress-indeterminate"
      role="progressbar"
      style="width: 40px; height: 40px;"
    >
      <svg
        class="MuiCircularProgress-svg"
        viewBox="22 22 44 44"
      >
        <circle
          class="MuiCircularProgress-circle MuiCircularProgress-circleDisableShrink MuiCircularProgress-circleIndeterminate"
          cx="44"
          cy="44"
          fill="none"
          r="20.2"
          stroke-width="3.6"
        />
      </svg>
    </div>
  </div>
</DocumentFragment>
`;
